<html>
<body>
<pre>
<h1>µVision Build Log</h1>
<h2>Tool Versions:</h2>
IDE-Version: µVision V5.28.0.0
Copyright (C) 2019 ARM Ltd and ARM Germany GmbH. All rights reserved.
License Information: trong tran, none, LIC=----
 
Tool Versions:
Toolchain:       MDK-Lite  Version: 5.28.0.0
Toolchain Path:  F:\NAM4\HETHONGNHUNG\KEILCV5\ARM\ARMCC\Bin
C Compiler:      Armcc.exe V5.06 update 6 (build 750)
Assembler:       Armasm.exe V5.06 update 6 (build 750)
Linker/Locator:  ArmLink.exe V5.06 update 6 (build 750)
Library Manager: ArmAr.exe V5.06 update 6 (build 750)
Hex Converter:   FromElf.exe V5.06 update 6 (build 750)
CPU DLL:         SARMCM3.DLL V5.28.0.0
Dialog DLL:      DCM.DLL V1.17.3.0
Target DLL:      STLink\ST-LINKIII-KEIL_SWO.dll V3.0.6.0
Dialog DLL:      TCM.DLL V1.36.2.0
 
<h2>Project:</h2>
F:\NAM4\HETHONGNHUNG\NHUNG\HeThongNhanDangVanTay_Nhom6_CuoiKy\PJ_Fingerprint\MDK-ARM\PJ_Fingerprint.uvprojx
Project File Date:  05/05/2019

<h2>Output:</h2>
*** Using Compiler 'V5.06 update 6 (build 750)', folder: 'F:\NAM4\HETHONGNHUNG\KEILCV5\ARM\ARMCC\Bin'
Build target 'PJ_Fingerprint'
assembling startup_stm32f407xx.s...
compiling stm32f4xx_hal.c...
compiling stm32f4xx_hal_dma_ex.c...
compiling stm32f4xx_hal_uart.c...
compiling stm32f4xx_hal_flash_ex.c...
compiling stm32f4xx_hal_dma.c...
compiling stm32f4xx_hal_i2c.c...
compiling stm32f4xx_hal_i2c_ex.c...
compiling stm32f4xx_hal_rcc_ex.c...
compiling stm32f4xx_hal_tim.c...
compiling stm32f4xx_hal_tim_ex.c...
compiling stm32f4xx_hal_flash_ramfunc.c...
compiling stm32f4xx_hal_rcc.c...
compiling stm32f4xx_hal_gpio.c...
compiling stm32f4xx_hal_pwr.c...
compiling stm32f4xx_hal_cortex.c...
compiling stm32f4xx_hal_flash.c...
compiling system_stm32f4xx.c...
compiling stm32f4xx_hal_pwr_ex.c...
compiling stm32f4xx_it.c...
compiling stm32f4xx_hal_msp.c...
compiling main.c...
../Src/main.c(28): warning:  #1295-D: Deprecated declaration ClearBuffer - give arg types
  void ClearBuffer();
../Src/main.c(159): warning:  #546-D: transfer of control bypasses initialization of:
            variable "Checksum"  (declared at line 261)
  			goto Faild;
  			^
../Src/main.c(182): warning:  #546-D: transfer of control bypasses initialization of:
            variable "Checksum"  (declared at line 261)
  			goto Faild;
  			^
../Src/main.c(207): warning:  #546-D: transfer of control bypasses initialization of:
            variable "Checksum"  (declared at line 261)
  			goto Faild;
  			^
../Src/main.c(230): warning:  #546-D: transfer of control bypasses initialization of:
            variable "Checksum"  (declared at line 261)
  			goto Faild;
  			^
../Src/main.c(252): warning:  #546-D: transfer of control bypasses initialization of:
            variable "Checksum"  (declared at line 261)
  			goto Faild;
  			^
../Src/main.c: 6 warnings, 0 errors
compiling i2c-lcd.c...
linking...
Program Size: Code=9536 RO-data=456 RW-data=20 ZI-data=1420  
"PJ_Fingerprint\PJ_Fingerprint.axf" - 0 Error(s), 6 Warning(s).

<h2>Software Packages used:</h2>

Package Vendor: ARM
                http://www.keil.com/pack/ARM.CMSIS.5.5.1.pack
                ARM.CMSIS.5.5.1
                CMSIS (Cortex Microcontroller Software Interface Standard)
   * Component: CORE Version: 5.2.0

Package Vendor: Keil
                http://www.keil.com/pack/Keil.STM32F4xx_DFP.2.13.0.pack
                Keil.STM32F4xx_DFP.2.13.0
                STMicroelectronics STM32F4 Series Device Support, Drivers and Examples

<h2>Collection of Component include folders:</h2>
  .\RTE\_PJ_Fingerprint
  F:\NAM4\HETHONGNHUNG\KEILCV5\ARM\PACK\ARM\CMSIS\5.5.1\CMSIS\Core\Include
  F:\NAM4\HETHONGNHUNG\KEILCV5\ARM\PACK\Keil\STM32F4xx_DFP\2.13.0\Drivers\CMSIS\Device\ST\STM32F4xx\Include

<h2>Collection of Component Files used:</h2>

   * Component: ARM::CMSIS:CORE:5.2.0
Build Time Elapsed:  00:01:08
</pre>
</body>
</html>
